2026-05-13 15:16:30 - LEAVE APPLY ERROR: Email missing for LeaveID 0
2026-05-13 15:19:01 - LEAVE APPLY ERROR: Email missing for LeaveID 0
2026-06-30 15:26:10 - LEAVE APPLY: Sending mail to pkmewada@gmail.com
2026-06-30 15:26:11 - LEAVE APPLY SUCCESS: Mail sent to pkmewada@gmail.com
2026-06-30 15:43:22 - LEAVE APPLY: Sending mail to pkmewada@gmail.com
2026-06-30 15:43:23 - LEAVE APPLY SUCCESS: Mail sent to pkmewada@gmail.com
2026-06-30 15:45:52 - LEAVE APPLY: Sending mail to pkmewada@gmail.com
2026-06-30 15:45:54 - LEAVE APPLY SUCCESS: Mail sent to pkmewada@gmail.com
2026-06-30 16:19:07 - LEAVE APPLY: Sending mail to pkmewada@gmail.com
2026-06-30 16:19:08 - LEAVE APPLY SUCCESS: Mail sent to pkmewada@gmail.com
2026-06-30 16:19:31 - LEAVE APPLY: Sending mail to pkmewada@gmail.com
2026-06-30 16:19:32 - LEAVE APPLY SUCCESS: Mail sent to pkmewada@gmail.com
2026-06-30 16:20:23 - LEAVE APPLY: Sending mail to pkmewada@gmail.com
2026-06-30 16:20:24 - LEAVE APPLY SUCCESS: Mail sent to pkmewada@gmail.com
2026-07-01 11:10:41 - LEAVE APPLY: Sending mail to Vishwakarmavinay424@gmail.com
2026-07-01 11:10:42 - LEAVE APPLY SUCCESS: Mail sent to Vishwakarmavinay424@gmail.com
2026-07-01 11:17:58 - LEAVE APPLY: Sending mail to Vishwakarmavinay424@gmail.com
2026-07-01 11:17:59 - LEAVE APPLY SUCCESS: Mail sent to Vishwakarmavinay424@gmail.com
2026-07-01 11:20:30 - LEAVE APPLY: Sending mail to kashishrathore499@gmail.com
2026-07-01 11:20:31 - LEAVE APPLY SUCCESS: Mail sent to kashishrathore499@gmail.com
2026-07-01 11:21:16 - LEAVE APPLY: Sending mail to kashishrathore499@gmail.com
2026-07-01 11:21:17 - LEAVE APPLY SUCCESS: Mail sent to kashishrathore499@gmail.com
2026-07-01 11:26:01 - LEAVE APPLY: Sending mail to Garvkhomne786@gmail.com
2026-07-01 11:26:02 - LEAVE APPLY SUCCESS: Mail sent to Garvkhomne786@gmail.com
2026-07-01 11:26:41 - LEAVE APPLY: Sending mail to Garvkhomne786@gmail.com
2026-07-01 11:26:42 - LEAVE APPLY SUCCESS: Mail sent to Garvkhomne786@gmail.com
2026-07-01 11:27:41 - LEAVE APPLY: Sending mail to Garvkhomne786@gmail.com
2026-07-01 11:27:42 - LEAVE APPLY SUCCESS: Mail sent to Garvkhomne786@gmail.com
2026-07-01 11:29:15 - LEAVE APPLY: Sending mail to Garvkhomne786@gmail.com
2026-07-01 11:29:16 - LEAVE APPLY SUCCESS: Mail sent to Garvkhomne786@gmail.com
2026-07-01 11:30:36 - LEAVE APPLY: Sending mail to Garvkhomne786@gmail.com
2026-07-01 11:30:37 - LEAVE APPLY SUCCESS: Mail sent to Garvkhomne786@gmail.com
2026-07-01 11:31:04 - LEAVE APPLY: Sending mail to Garvkhomne786@gmail.com
2026-07-01 11:31:05 - LEAVE APPLY SUCCESS: Mail sent to Garvkhomne786@gmail.com
2026-07-01 11:33:03 - LEAVE APPLY: Sending mail to Sharilroy6818@gmail.com
2026-07-01 11:33:04 - LEAVE APPLY SUCCESS: Mail sent to Sharilroy6818@gmail.com
2026-07-01 11:39:16 - LEAVE APPLY: Sending mail to mahakkataria21@gmail.com
2026-07-01 11:39:17 - LEAVE APPLY SUCCESS: Mail sent to mahakkataria21@gmail.com
2026-07-01 11:39:53 - LEAVE APPLY: Sending mail to mahakkataria21@gmail.com
2026-07-01 11:39:54 - LEAVE APPLY SUCCESS: Mail sent to mahakkataria21@gmail.com
2026-07-01 11:40:39 - LEAVE APPLY: Sending mail to mahakkataria21@gmail.com
2026-07-01 11:40:40 - LEAVE APPLY SUCCESS: Mail sent to mahakkataria21@gmail.com
2026-07-01 11:41:41 - LEAVE APPLY: Sending mail to pandeyarti896@gmail.com
2026-07-01 11:41:42 - LEAVE APPLY SUCCESS: Mail sent to pandeyarti896@gmail.com
2026-07-01 11:44:53 - LEAVE APPLY: Sending mail to akanksharma2003@gmail.com
2026-07-01 11:44:55 - LEAVE APPLY SUCCESS: Mail sent to akanksharma2003@gmail.com
2026-07-01 11:45:42 - LEAVE APPLY: Sending mail to akanksharma2003@gmail.com
2026-07-01 11:45:44 - LEAVE APPLY SUCCESS: Mail sent to akanksharma2003@gmail.com
2026-07-01 11:46:19 - LEAVE APPLY: Sending mail to akanksharma2003@gmail.com
2026-07-01 11:46:20 - LEAVE APPLY SUCCESS: Mail sent to akanksharma2003@gmail.com
2026-07-01 11:49:44 - LEAVE APPLY: Sending mail to pandeyarti896@gmail.com
2026-07-01 11:49:44 - LEAVE APPLY SUCCESS: Mail sent to pandeyarti896@gmail.com
2026-07-01 12:11:56 - LEAVE APPLY: Sending mail to mahakkataria21@gmail.com
2026-07-01 12:11:57 - LEAVE APPLY SUCCESS: Mail sent to mahakkataria21@gmail.com
2026-07-09 14:03:29 - LEAVE APPLY: Sending mail to sejalbatham50@gmail.com
2026-07-09 14:03:31 - LEAVE APPLY SUCCESS: Mail sent to sejalbatham50@gmail.com
2026-07-09 14:04:22 - LEAVE APPLY: Sending mail to sejalbatham50@gmail.com
2026-07-09 14:04:23 - LEAVE APPLY SUCCESS: Mail sent to sejalbatham50@gmail.com
[2026-07-29 13:23:51] ======================================
[2026-07-29 13:23:51] TEST MAIL SCRIPT STARTED - Onboarding Form Email Test
[2026-07-29 13:23:51] All mailer functions loaded successfully
[2026-07-29 13:23:51] Test Configuration:
[2026-07-29 13:23:51]   Receiver Email: praveen.mqlus@gmail.com
[2026-07-29 13:23:51]   Lead ID: 1
[2026-07-29 13:23:51]   Client Name: Praveen Test Client
[2026-07-29 13:23:51]   Client Code: TEST001
[2026-07-29 13:23:51]   Form Link: https://modlus.in/client-onboarding-form?token=test_token_123456
[2026-07-29 13:23:51] --- TEST 1: Direct Mailer Creation ---
[2026-07-29 13:23:51] ✓ createMailer() successful
[2026-07-29 13:23:51] --- TEST 2: sendOnboardingFormEmail ---
[2026-07-29 13:23:51] Calling sendOnboardingFormEmail...
[2026-07-29 13:23:52] ✓ sendOnboardingFormEmail() returned TRUE
[2026-07-29 13:23:52] --- TEST 3: sendLoggedMail Test ---
[2026-07-29 13:23:52] Testing sendLoggedMail with simple callback...
[2026-07-29 13:23:52] ✓ sendLoggedMail() returned TRUE
[2026-07-29 13:23:52] ======================================
[2026-07-29 13:23:52] OVERALL STATUS: ✅ SUCCESS
[2026-07-29 13:23:52] ======================================
[2026-07-29 13:23:52] TEST MAIL SCRIPT COMPLETED
[2026-07-29 13:23:52] ======================================
[2026-07-29 13:25:24] ======================================
[2026-07-29 13:25:24] TEST MAIL SCRIPT STARTED - Onboarding Form Email Test
[2026-07-29 13:25:24] All mailer functions loaded successfully
[2026-07-29 13:25:24] Test Configuration:
[2026-07-29 13:25:24]   Receiver Email: praveen.mqlus@gmail.com
[2026-07-29 13:25:24]   Lead ID: 1
[2026-07-29 13:25:24]   Client Name: Praveen Test Client
[2026-07-29 13:25:24]   Client Code: TEST001
[2026-07-29 13:25:24]   Form Link: https://modlus.in/client-onboarding-form?token=test_token_123456
[2026-07-29 13:25:24] --- TEST 1: Direct Mailer Creation ---
[2026-07-29 13:25:24] ✓ createMailer() successful
[2026-07-29 13:25:24] --- TEST 2: sendOnboardingFormEmail ---
[2026-07-29 13:25:24] Calling sendOnboardingFormEmail...
[2026-07-29 13:25:25] ✓ sendOnboardingFormEmail() returned TRUE
[2026-07-29 13:25:25] --- TEST 3: sendLoggedMail Test ---
[2026-07-29 13:25:25] Testing sendLoggedMail with simple callback...
[2026-07-29 13:25:26] ✓ sendLoggedMail() returned TRUE
[2026-07-29 13:25:26] ======================================
[2026-07-29 13:25:26] OVERALL STATUS: ✅ SUCCESS
[2026-07-29 13:25:26] ======================================
[2026-07-29 13:25:26] TEST MAIL SCRIPT COMPLETED
[2026-07-29 13:25:26] ======================================
[2026-08-04 12:42:11] ======================================
[2026-08-04 12:42:11] TEST MAIL SCRIPT STARTED - Onboarding Form Email Test
[2026-08-04 12:42:11] All mailer functions loaded successfully
[2026-08-04 12:42:11] Test Configuration:
[2026-08-04 12:42:11]   Receiver Email: praveen.mqlus@gmail.com
[2026-08-04 12:42:11]   Lead ID: 1
[2026-08-04 12:42:11]   Client Name: Praveen Test Client
[2026-08-04 12:42:11]   Client Code: TEST001
[2026-08-04 12:42:11]   Form Link: https://modlus.in/client-onboarding-form?token=test_token_123456
[2026-08-04 12:42:11] --- TEST 1: Direct Mailer Creation ---
[2026-08-04 12:42:11] ✓ createMailer() successful
[2026-08-04 12:42:11] --- TEST 2: sendOnboardingFormEmail ---
[2026-08-04 12:42:11] Calling sendOnboardingFormEmail...
[2026-08-04 12:42:13] ✓ sendOnboardingFormEmail() returned TRUE
[2026-08-04 12:42:13] --- TEST 3: sendLoggedMail Test ---
[2026-08-04 12:42:13] Testing sendLoggedMail with simple callback...
[2026-08-04 12:42:14] ✓ sendLoggedMail() returned TRUE
[2026-08-04 12:42:14] ======================================
[2026-08-04 12:42:14] OVERALL STATUS: ✅ SUCCESS
[2026-08-04 12:42:14] ======================================
[2026-08-04 12:42:14] TEST MAIL SCRIPT COMPLETED
[2026-08-04 12:42:14] ======================================
2026-08-07 15:34:04 - LEAVE APPLY: Sending mail to sahilvisual23@gmail.com
2026-08-07 15:34:06 - LEAVE APPLY SUCCESS: Mail sent to sahilvisual23@gmail.com
